../Core/Src/main.c:106:5:main	8	static
../Core/Src/main.c:202:6:SystemClock_Config	88	static
../Core/Src/main.c:249:13:MX_GPIO_Init	40	static
../Core/Src/main.c:274:6:AccessSharedData	8	static
../Core/Src/main.c:297:6:SimulateReadWriteOperation	16	static,ignoring_inline_asm
../Core/Src/main.c:315:6:StartDefaultTask	16	static
../Core/Src/main.c:333:6:GREENTASK	16	static
../Core/Src/main.c:366:6:REDTASK	16	static
../Core/Src/main.c:399:6:YELLOWTASK	16	static
../Core/Src/main.c:419:6:HAL_TIM_PeriodElapsedCallback	16	static
../Core/Src/main.c:436:6:Error_Handler	4	static,ignoring_inline_asm
